16:47:32.925 [TestNG-tests-2] INFO  testCases.DemoTest - ----Demo test end----
16:51:08.686 [main] INFO  testCases.DemoTest - ----Demo test start----
16:51:09.073 [main] INFO  testCases.DemoTest - ----Title asserted----
16:51:13.520 [main] INFO  testCases.DemoTest - ----Scroll asserted----
16:51:13.736 [main] INFO  testCases.DemoTest - ----Screenshots page loaded----
16:51:13.751 [main] INFO  testCases.DemoTest - ----Demo test end----
17:10:36.629 [main] INFO  testCases.DemoTest - ----Demo test start----
17:10:36.860 [main] INFO  testCases.DemoTest - ----Title asserted----
17:10:40.288 [main] INFO  testCases.DemoTest - ----Scroll asserted----
17:10:40.475 [main] INFO  testCases.DemoTest - ----Screenshots page loaded----
17:10:40.493 [main] INFO  testCases.DemoTest - ----Demo test end----
17:10:45.640 [main] INFO  testCases.DemoTest - ----Demo test start----
17:10:45.969 [main] INFO  testCases.DemoTest - ----Demo test end----
17:11:46.062 [main] INFO  testCases.DemoTest - ----Demo test start----
17:11:46.272 [main] INFO  testCases.DemoTest - ----Title asserted----
17:11:49.762 [main] INFO  testCases.DemoTest - ----Scroll asserted----
17:11:49.945 [main] INFO  testCases.DemoTest - ----Screenshots page loaded----
17:11:49.959 [main] INFO  testCases.DemoTest - ----Demo test end----
17:11:51.418 [main] DEBUG org.apache.poi.openxml4j.opc.PackageRelationshipCollection - Parsing relationship: /xl/_rels/workbook.xml.rels
17:11:51.422 [main] DEBUG org.apache.poi.openxml4j.opc.PackageRelationshipCollection - Parsing relationship: /xl/worksheets/_rels/sheet1.xml.rels
17:11:51.425 [main] DEBUG org.apache.poi.openxml4j.opc.PackageRelationshipCollection - Parsing relationship: /_rels/.rels
17:11:51.806 [main] DEBUG org.apache.poi.ooxml.POIXMLFactory - using default POIXMLDocumentPart for http://schemas.openxmlformats.org/officeDocument/2006/relationships/sheetMetadata
17:11:51.912 [main] DEBUG org.apache.poi.openxml4j.opc.PackageRelationshipCollection - Parsing relationship: /xl/_rels/workbook.xml.rels
17:11:51.914 [main] DEBUG org.apache.poi.openxml4j.opc.PackageRelationshipCollection - Parsing relationship: /xl/worksheets/_rels/sheet1.xml.rels
17:11:51.915 [main] DEBUG org.apache.poi.openxml4j.opc.PackageRelationshipCollection - Parsing relationship: /_rels/.rels
17:11:51.926 [main] DEBUG org.apache.poi.ooxml.POIXMLFactory - using default POIXMLDocumentPart for http://schemas.openxmlformats.org/officeDocument/2006/relationships/sheetMetadata
17:11:51.941 [main] DEBUG org.apache.poi.openxml4j.opc.PackageRelationshipCollection - Parsing relationship: /xl/_rels/workbook.xml.rels
17:11:51.944 [main] DEBUG org.apache.poi.openxml4j.opc.PackageRelationshipCollection - Parsing relationship: /xl/worksheets/_rels/sheet1.xml.rels
17:11:51.946 [main] DEBUG org.apache.poi.openxml4j.opc.PackageRelationshipCollection - Parsing relationship: /_rels/.rels
17:11:51.955 [main] DEBUG org.apache.poi.ooxml.POIXMLFactory - using default POIXMLDocumentPart for http://schemas.openxmlformats.org/officeDocument/2006/relationships/sheetMetadata
17:11:51.981 [main] DEBUG org.apache.poi.openxml4j.opc.PackageRelationshipCollection - Parsing relationship: /xl/_rels/workbook.xml.rels
17:11:51.984 [main] DEBUG org.apache.poi.openxml4j.opc.PackageRelationshipCollection - Parsing relationship: /xl/worksheets/_rels/sheet1.xml.rels
17:11:51.988 [main] DEBUG org.apache.poi.openxml4j.opc.PackageRelationshipCollection - Parsing relationship: /_rels/.rels
17:11:51.998 [main] DEBUG org.apache.poi.ooxml.POIXMLFactory - using default POIXMLDocumentPart for http://schemas.openxmlformats.org/officeDocument/2006/relationships/sheetMetadata
17:11:52.018 [main] DEBUG org.apache.poi.openxml4j.opc.PackageRelationshipCollection - Parsing relationship: /xl/_rels/workbook.xml.rels
17:11:52.020 [main] DEBUG org.apache.poi.openxml4j.opc.PackageRelationshipCollection - Parsing relationship: /xl/worksheets/_rels/sheet1.xml.rels
17:11:52.023 [main] DEBUG org.apache.poi.openxml4j.opc.PackageRelationshipCollection - Parsing relationship: /_rels/.rels
17:11:52.033 [main] DEBUG org.apache.poi.ooxml.POIXMLFactory - using default POIXMLDocumentPart for http://schemas.openxmlformats.org/officeDocument/2006/relationships/sheetMetadata
17:11:52.052 [main] DEBUG org.apache.poi.openxml4j.opc.PackageRelationshipCollection - Parsing relationship: /xl/_rels/workbook.xml.rels
17:11:52.055 [main] DEBUG org.apache.poi.openxml4j.opc.PackageRelationshipCollection - Parsing relationship: /xl/worksheets/_rels/sheet1.xml.rels
17:11:52.061 [main] DEBUG org.apache.poi.openxml4j.opc.PackageRelationshipCollection - Parsing relationship: /_rels/.rels
17:11:52.077 [main] DEBUG org.apache.poi.ooxml.POIXMLFactory - using default POIXMLDocumentPart for http://schemas.openxmlformats.org/officeDocument/2006/relationships/sheetMetadata
17:11:52.097 [main] DEBUG org.apache.poi.openxml4j.opc.PackageRelationshipCollection - Parsing relationship: /xl/_rels/workbook.xml.rels
