17:11:52.507 [main] DEBUG org.apache.poi.openxml4j.opc.PackageRelationshipCollection - Parsing relationship: /xl/_rels/workbook.xml.rels
17:11:52.540 [main] DEBUG org.apache.poi.openxml4j.opc.PackageRelationshipCollection - Parsing relationship: /xl/worksheets/_rels/sheet1.xml.rels
17:11:52.541 [main] DEBUG org.apache.poi.openxml4j.opc.PackageRelationshipCollection - Parsing relationship: /_rels/.rels
17:11:52.550 [main] DEBUG org.apache.poi.ooxml.POIXMLFactory - using default POIXMLDocumentPart for http://schemas.openxmlformats.org/officeDocument/2006/relationships/sheetMetadata
17:11:52.566 [main] DEBUG org.apache.poi.openxml4j.opc.PackageRelationshipCollection - Parsing relationship: /xl/_rels/workbook.xml.rels
17:11:52.569 [main] DEBUG org.apache.poi.openxml4j.opc.PackageRelationshipCollection - Parsing relationship: /xl/worksheets/_rels/sheet1.xml.rels
17:11:52.572 [main] DEBUG org.apache.poi.openxml4j.opc.PackageRelationshipCollection - Parsing relationship: /_rels/.rels
17:11:52.581 [main] DEBUG org.apache.poi.ooxml.POIXMLFactory - using default POIXMLDocumentPart for http://schemas.openxmlformats.org/officeDocument/2006/relationships/sheetMetadata
17:11:52.595 [main] INFO  testCases.ExcelDataTest - ----Excel test start----
17:11:52.600 [main] INFO  testCases.ExcelDataTest - ----Excel test end----
17:11:52.612 [main] INFO  testCases.ExcelDataTest - ----Excel test start----
17:11:52.612 [main] INFO  testCases.ExcelDataTest - ----Excel test end----
17:11:52.618 [main] INFO  testCases.ExcelDataTest - ----Excel test start----
17:11:52.618 [main] INFO  testCases.ExcelDataTest - ----Excel test end----
17:11:52.633 [main] INFO  testCases.ExcelDataTest - ----Excel test start----
17:11:52.633 [main] INFO  testCases.ExcelDataTest - ----Excel test end----
17:11:52.646 [main] INFO  testCases.ExcelDataTest - ----Excel test start----
17:11:52.646 [main] INFO  testCases.ExcelDataTest - ----Excel test end----
17:12:25.610 [main] INFO  testCases.DemoTest - ----Demo test start----
17:12:25.938 [main] INFO  testCases.DemoTest - ----Title asserted----
17:12:29.460 [main] INFO  testCases.DemoTest - ----Scroll asserted----
17:12:29.759 [main] INFO  testCases.DemoTest - ----Screenshots page loaded----
17:12:29.776 [main] INFO  testCases.DemoTest - ----Demo test end----
17:12:34.655 [main] INFO  testCases.DemoTest - ----Demo test start----
17:12:35.093 [main] INFO  testCases.DemoTest - ----Title asserted----
17:12:39.442 [main] INFO  testCases.DemoTest - ----Scroll asserted----
17:12:39.615 [main] INFO  testCases.DemoTest - ----Screenshots page loaded----
17:12:39.628 [main] INFO  testCases.DemoTest - ----Demo test end----
17:13:38.228 [main] INFO  testCases.DemoTest - ----Demo test start----
17:13:38.475 [main] INFO  testCases.DemoTest - ----Title asserted----
17:13:41.637 [main] INFO  testCases.DemoTest - ----Scroll asserted----
17:13:41.822 [main] INFO  testCases.DemoTest - ----Screenshots page loaded----
17:13:41.835 [main] INFO  testCases.DemoTest - ----Demo test end----
17:13:46.326 [main] INFO  testCases.DemoTest - ----Demo test start----
17:13:46.764 [main] INFO  testCases.DemoTest - ----Demo test end----
17:16:26.633 [main] INFO  testCases.DemoTest - ----Demo test start----
17:16:26.854 [main] INFO  testCases.DemoTest - ----Title asserted----
17:16:30.027 [main] INFO  testCases.DemoTest - ----Scroll asserted----
17:16:30.204 [main] INFO  testCases.DemoTest - ----Screenshots page loaded----
17:16:30.222 [main] INFO  testCases.DemoTest - ----Demo test end----
17:16:34.823 [main] INFO  testCases.DemoTest - ----Demo test start----
17:16:35.314 [main] INFO  testCases.DemoTest - ----Demo test end----
17:19:57.236 [main] INFO  testCases.DemoTest - ----Demo test start----
17:19:57.460 [main] INFO  testCases.DemoTest - ----Title asserted----
17:20:01.393 [main] INFO  testCases.DemoTest - ----Scroll asserted----
17:20:01.594 [main] INFO  testCases.DemoTest - ----Screenshots page loaded----
17:20:01.612 [main] INFO  testCases.DemoTest - ----Demo test end----
17:20:03.120 [main] DEBUG org.apache.poi.openxml4j.opc.PackageRelationshipCollection - Parsing relationship: /xl/_rels/workbook.xml.rels
17:20:03.124 [main] DEBUG org.apache.poi.openxml4j.opc.PackageRelationshipCollection - Parsing relationship: /xl/worksheets/_rels/sheet1.xml.rels
17:20:03.128 [main] DEBUG org.apache.poi.openxml4j.opc.PackageRelationshipCollection - Parsing relationship: /_rels/.rels
17:20:03.462 [main] DEBUG org.apache.poi.ooxml.POIXMLFactory - using default POIXMLDocumentPart for http://schemas.openxmlformats.org/officeDocument/2006/relationships/sheetMetadata
17:20:03.550 [main] DEBUG org.apache.poi.openxml4j.opc.PackageRelationshipCollection - Parsing relationship: /xl/_rels/workbook.xml.rels
17:20:03.553 [main] DEBUG org.apache.poi.openxml4j.opc.PackageRelationshipCollection - Parsing relationship: /xl/worksheets/_rels/sheet1.xml.rels
17:20:03.555 [main] DEBUG org.apache.poi.openxml4j.opc.PackageRelationshipCollection - Parsing relationship: /_rels/.rels
